N 2197 L 4.0395 nm  k_min 1.5554  K 491 vectors in 28 shells (cap 40, nshell 40)  kmax 14.0  sample every 2 steps (4.0 fs)  lags 431 (fine to 0.8 ps, then every 10 samples to 10.0 ps)  blocks 6  grid K 42  seed 13
eq step 0 T 304.7 E/N -46.684 69 s
eq step 1000 T 297.1 E/N -46.766 103 s
eq step 2000 T 301.5 E/N -47.042 138 s
eq step 3000 T 296.8 E/N -46.932 172 s
eq step 4000 T 292.6 E/N -46.938 207 s
eq step 5000 T 297.0 E/N -47.127 242 s
eq step 6000 T 297.9 E/N -47.159 277 s
eq step 7000 T 306.6 E/N -47.375 311 s
eq step 8000 T 296.1 E/N -47.134 346 s
eq step 9000 T 297.4 E/N -47.185 381 s
eq step 0 T 296.0 E/N -46.936 416 s
eq step 1000 T 298.3 E/N -47.075 450 s
eq step 2000 T 299.1 E/N -47.149 484 s
eq step 3000 T 301.1 E/N -47.191 519 s
eq step 4000 T 296.3 E/N -47.030 553 s
eq step 5000 T 299.4 E/N -47.094 588 s
eq step 6000 T 301.3 E/N -47.157 623 s
eq step 7000 T 301.9 E/N -47.206 657 s
eq step 8000 T 295.2 E/N -46.998 691 s
eq step 9000 T 300.8 E/N -47.130 726 s
equilibrated: T 302.8  E/N -47.196  760 s
prod sample 0 / 75000  t=0.0 ps  T 303.9  E/N -47.223  0 s (0.083 s/step)
prod sample 2500 / 75000  t=10.0 ps  T 296.0  E/N -47.063  274 s (0.055 s/step)
prod sample 5000 / 75000  t=20.0 ps  T 298.4  E/N -47.097  570 s (0.057 s/step)
prod sample 7500 / 75000  t=30.0 ps  T 300.2  E/N -47.169  850 s (0.057 s/step)
prod sample 10000 / 75000  t=40.0 ps  T 301.5  E/N -47.199  1136 s (0.057 s/step)
prod sample 12500 / 75000  t=50.0 ps  T 297.7  E/N -47.118  1415 s (0.057 s/step)
prod sample 15000 / 75000  t=60.0 ps  T 299.2  E/N -47.154  1688 s (0.056 s/step)
prod sample 17500 / 75000  t=70.0 ps  T 302.3  E/N -47.204  1963 s (0.056 s/step)
prod sample 20000 / 75000  t=80.0 ps  T 300.5  E/N -47.152  2238 s (0.056 s/step)
prod sample 22500 / 75000  t=90.0 ps  T 294.0  E/N -46.991  2512 s (0.056 s/step)
prod sample 25000 / 75000  t=100.0 ps  T 296.0  E/N -47.066  2806 s (0.056 s/step)
prod sample 27500 / 75000  t=110.0 ps  T 297.7  E/N -47.142  3080 s (0.056 s/step)
prod sample 30000 / 75000  t=120.0 ps  T 296.6  E/N -47.140  3379 s (0.056 s/step)
prod sample 32500 / 75000  t=130.0 ps  T 299.6  E/N -47.201  3661 s (0.056 s/step)
prod sample 35000 / 75000  t=140.0 ps  T 296.6  E/N -47.128  3953 s (0.056 s/step)
prod sample 37500 / 75000  t=150.0 ps  T 295.8  E/N -47.074  4242 s (0.057 s/step)
prod sample 40000 / 75000  t=160.0 ps  T 299.6  E/N -47.147  4531 s (0.057 s/step)
prod sample 42500 / 75000  t=170.0 ps  T 304.5  E/N -47.254  4804 s (0.057 s/step)
prod sample 45000 / 75000  t=180.0 ps  T 301.5  E/N -47.158  5103 s (0.057 s/step)
prod sample 47500 / 75000  t=190.0 ps  T 298.6  E/N -47.106  5381 s (0.057 s/step)
prod sample 50000 / 75000  t=200.0 ps  T 294.3  E/N -46.968  5656 s (0.057 s/step)
prod sample 52500 / 75000  t=210.0 ps  T 297.1  E/N -47.062  5937 s (0.057 s/step)
prod sample 55000 / 75000  t=220.0 ps  T 299.0  E/N -47.119  6217 s (0.057 s/step)
prod sample 57500 / 75000  t=230.0 ps  T 292.6  E/N -46.996  6498 s (0.057 s/step)
prod sample 60000 / 75000  t=240.0 ps  T 296.3  E/N -47.103  6784 s (0.057 s/step)
prod sample 62500 / 75000  t=250.0 ps  T 296.5  E/N -47.093  7066 s (0.057 s/step)
prod sample 65000 / 75000  t=260.0 ps  T 292.7  E/N -47.002  7351 s (0.057 s/step)
prod sample 67500 / 75000  t=270.0 ps  T 297.6  E/N -47.098  7630 s (0.057 s/step)
prod sample 70000 / 75000  t=280.0 ps  T 293.3  E/N -46.975  7905 s (0.056 s/step)
prod sample 72500 / 75000  t=290.0 ps  T 297.6  E/N -47.080  8182 s (0.056 s/step)
DONE 75000 samples 8472 s
